###############################################################################
#
# IAR ELF Linker V8.32.2.178/W32 for ARM                  02/Feb/2019  16:03:54
# Copyright 2007-2018 IAR Systems AB.
#
#    Output file  =  
#        C:\Users\User\Documents\Projects\HeaterControl\Software\HeaterController\EWARM\HeaterController\Exe\HeaterController.out
#    Map file     =  
#        C:\Users\User\Documents\Projects\HeaterControl\Software\HeaterController\EWARM\HeaterController\List\HeaterController.map
#    Command line =  
#        -f C:\Users\User\AppData\Local\Temp\EW3269.tmp
#        (C:\Users\User\Documents\Projects\HeaterControl\Software\HeaterController\EWARM\HeaterController\Obj\main.o
#        C:\Users\User\Documents\Projects\HeaterControl\Software\HeaterController\EWARM\HeaterController\Obj\startup_stm32f030x6.o
#        C:\Users\User\Documents\Projects\HeaterControl\Software\HeaterController\EWARM\HeaterController\Obj\stm32f0xx_hal.o
#        C:\Users\User\Documents\Projects\HeaterControl\Software\HeaterController\EWARM\HeaterController\Obj\stm32f0xx_hal_adc.o
#        C:\Users\User\Documents\Projects\HeaterControl\Software\HeaterController\EWARM\HeaterController\Obj\stm32f0xx_hal_adc_ex.o
#        C:\Users\User\Documents\Projects\HeaterControl\Software\HeaterController\EWARM\HeaterController\Obj\stm32f0xx_hal_cortex.o
#        C:\Users\User\Documents\Projects\HeaterControl\Software\HeaterController\EWARM\HeaterController\Obj\stm32f0xx_hal_dma.o
#        C:\Users\User\Documents\Projects\HeaterControl\Software\HeaterController\EWARM\HeaterController\Obj\stm32f0xx_hal_flash.o
#        C:\Users\User\Documents\Projects\HeaterControl\Software\HeaterController\EWARM\HeaterController\Obj\stm32f0xx_hal_flash_ex.o
#        C:\Users\User\Documents\Projects\HeaterControl\Software\HeaterController\EWARM\HeaterController\Obj\stm32f0xx_hal_gpio.o
#        C:\Users\User\Documents\Projects\HeaterControl\Software\HeaterController\EWARM\HeaterController\Obj\stm32f0xx_hal_i2c.o
#        C:\Users\User\Documents\Projects\HeaterControl\Software\HeaterController\EWARM\HeaterController\Obj\stm32f0xx_hal_i2c_ex.o
#        C:\Users\User\Documents\Projects\HeaterControl\Software\HeaterController\EWARM\HeaterController\Obj\stm32f0xx_hal_msp.o
#        C:\Users\User\Documents\Projects\HeaterControl\Software\HeaterController\EWARM\HeaterController\Obj\stm32f0xx_hal_pwr.o
#        C:\Users\User\Documents\Projects\HeaterControl\Software\HeaterController\EWARM\HeaterController\Obj\stm32f0xx_hal_pwr_ex.o
#        C:\Users\User\Documents\Projects\HeaterControl\Software\HeaterController\EWARM\HeaterController\Obj\stm32f0xx_hal_rcc.o
#        C:\Users\User\Documents\Projects\HeaterControl\Software\HeaterController\EWARM\HeaterController\Obj\stm32f0xx_hal_rcc_ex.o
#        C:\Users\User\Documents\Projects\HeaterControl\Software\HeaterController\EWARM\HeaterController\Obj\stm32f0xx_hal_tim.o
#        C:\Users\User\Documents\Projects\HeaterControl\Software\HeaterController\EWARM\HeaterController\Obj\stm32f0xx_hal_tim_ex.o
#        C:\Users\User\Documents\Projects\HeaterControl\Software\HeaterController\EWARM\HeaterController\Obj\stm32f0xx_it.o
#        C:\Users\User\Documents\Projects\HeaterControl\Software\HeaterController\EWARM\HeaterController\Obj\system_stm32f0xx.o
#        --redirect _Printf=_PrintfFull --redirect _Scanf=_ScanfFull
#        --no_out_extension -o
#        C:\Users\User\Documents\Projects\HeaterControl\Software\HeaterController\EWARM\HeaterController\Exe\HeaterController.out
#        --map
#        C:\Users\User\Documents\Projects\HeaterControl\Software\HeaterController\EWARM\HeaterController\List\HeaterController.map
#        --config
#        C:\Users\User\Documents\Projects\HeaterControl\Software\HeaterController\EWARM/stm32f030x6_flash.icf
#        --semihosting --entry __iar_program_start --vfe --text_out locale)
#
###############################################################################

*******************************************************************************
*** RUNTIME MODEL ATTRIBUTES
***

CppFlavor       = *
__SystemLibrary = DLib
__dlib_version  = 6


*******************************************************************************
*** HEAP SELECTION
***

The basic heap was selected because some modules are built with
size limitations (and not runtime checking), and --advanced_heap
was not specified.


*******************************************************************************
*** PLACEMENT SUMMARY
***

"A0":  place at 0x800'0000 { ro section .intvec };
"P1":  place in [from 0x800'0000 to 0x800'7fff] { ro };
define block CSTACK with size = 1K, alignment = 8 { };
define block HEAP with size = 512, alignment = 8 { };
"P2":  place in [from 0x2000'0000 to 0x2000'0fff] {
          rw, block CSTACK, block HEAP };
initialize by copy { rw };

  Section            Kind         Address    Size  Object
  -------            ----         -------    ----  ------
"A0":                                        0xb0
  .intvec            ro code   0x800'0000    0xb0  startup_stm32f030x6.o [1]
                             - 0x800'00b0    0xb0

"P1":                                      0x11c8
  .text              ro code   0x800'00b0   0x574  stm32f0xx_hal_rcc.o [1]
  .text              ro code   0x800'0624     0xc  stm32f0xx_hal.o [1]
  .text              ro code   0x800'0630    0x24  stm32f0xx_hal.o [1]
  .text              ro code   0x800'0654    0x5e  I32DivMod.o [3]
  .text              ro code   0x800'06b2     0x2  startup_stm32f030x6.o [1]
  .text              ro code   0x800'06b4    0x78  stm32f0xx_hal_cortex.o [1]
  .text              ro code   0x800'072c     0x2  IntDivZer.o [3]
  .text              ro code   0x800'072e     0x2  startup_stm32f030x6.o [1]
  .text              ro code   0x800'0730   0x43c  stm32f0xx_hal_adc.o [1]
  .text              ro code   0x800'0b6c    0x8c  stm32f0xx_hal_msp.o [1]
  .text              ro code   0x800'0bf8    0x10  ABImemset_small.o [3]
  .text              ro code   0x800'0c08   0x1b8  stm32f0xx_hal_gpio.o [1]
  .text              ro code   0x800'0dc0   0x2c4  main.o [1]
  .text              ro code   0x800'1084    0x20  stm32f0xx_hal.o [1]
  .text              ro code   0x800'10a4    0x70  system_stm32f0xx.o [1]
  .text              ro code   0x800'1114    0x3c  zero_init3.o [3]
  .text              ro code   0x800'1150    0x30  copy_init3.o [3]
  .text              ro code   0x800'1180    0x28  data_init.o [3]
  .iar.init_table    const     0x800'11a8    0x24  - Linker created -
  .text              ro code   0x800'11cc    0x1e  cmain.o [3]
  .text              ro code   0x800'11ea     0x4  low_level_init.o [2]
  .text              ro code   0x800'11ee     0x8  exit.o [2]
  .text              ro code   0x800'11f6     0x2  startup_stm32f030x6.o [1]
  .text              ro code   0x800'11f8     0xa  cexit.o [3]
  .text              ro code   0x800'1202     0x2  startup_stm32f030x6.o [1]
  .text              ro code   0x800'1204    0x14  exit.o [4]
  .text              ro code   0x800'1218    0x10  startup_stm32f030x6.o [1]
  .text              ro code   0x800'1228    0x10  stm32f0xx_hal.o [1]
  .text              ro code   0x800'1238    0x10  stm32f0xx_it.o [1]
  .text              ro code   0x800'1248     0xc  cstartup_M.o [3]
  Initializer bytes  const     0x800'1254     0x4  <for P2-1>
  .text              ro code   0x800'1258     0x2  startup_stm32f030x6.o [1]
  .text              ro code   0x800'125a     0x2  startup_stm32f030x6.o [1]
  .text              ro code   0x800'125c     0x2  startup_stm32f030x6.o [1]
  .text              ro code   0x800'125e     0x2  startup_stm32f030x6.o [1]
  .text              ro code   0x800'1260     0x2  startup_stm32f030x6.o [1]
  .text              ro code   0x800'1262     0x2  startup_stm32f030x6.o [1]
  .text              ro code   0x800'1264     0x2  startup_stm32f030x6.o [1]
  .text              ro code   0x800'1266     0x2  startup_stm32f030x6.o [1]
  .text              ro code   0x800'1268     0x2  startup_stm32f030x6.o [1]
  .text              ro code   0x800'126a     0x2  startup_stm32f030x6.o [1]
  .text              ro code   0x800'126c     0x2  startup_stm32f030x6.o [1]
  .text              ro code   0x800'126e     0x2  startup_stm32f030x6.o [1]
  .text              ro code   0x800'1270     0x2  startup_stm32f030x6.o [1]
  .text              ro code   0x800'1272     0x2  startup_stm32f030x6.o [1]
  .text              ro code   0x800'1274     0x2  startup_stm32f030x6.o [1]
  .text              ro code   0x800'1276     0x2  startup_stm32f030x6.o [1]
  .rodata            const     0x800'1278     0x0  zero_init3.o [3]
  .rodata            const     0x800'1278     0x0  copy_init3.o [3]
                             - 0x800'1278  0x11c8

"P2", part 1 of 3:                            0x4
  P2-1                        0x2000'0000     0x4  <Init block>
    .data            inited   0x2000'0000     0x4  system_stm32f0xx.o [1]
                            - 0x2000'0004     0x4

"P2", part 2 of 3:                           0x54
  .bss               zero     0x2000'0004    0x50  main.o [1]
  .bss               zero     0x2000'0054     0x4  stm32f0xx_hal.o [1]
                            - 0x2000'0058    0x54

"P2", part 3 of 3:                          0x400
  CSTACK                      0x2000'0058   0x400  <Block>
    CSTACK           uninit   0x2000'0058   0x400  <Block tail>
                            - 0x2000'0458   0x400

Unused ranges:

         From           To    Size
         ----           --    ----
   0x800'1278   0x800'7fff  0x6d88
  0x2000'0458  0x2000'0fff   0xba8


*******************************************************************************
*** INIT TABLE
***

          Address      Size
          -------      ----
Zero (__iar_zero_init3)
    1 destination range, total size 0x54:
          0x2000'0004  0x54

Copy (__iar_copy_init3)
    1 source range, total size 0x4:
           0x800'1254   0x4
    1 destination range, total size 0x4:
          0x2000'0000   0x4



*******************************************************************************
*** MODULE SUMMARY
***

    Module                  ro code  ro data  rw data
    ------                  -------  -------  -------
command line/config:
    -------------------------------------------------
    Total:

C:\Users\User\Documents\Projects\HeaterControl\Software\HeaterController\EWARM\HeaterController\Obj: [1]
    main.o                      708                80
    startup_stm32f030x6.o       232
    stm32f0xx_hal.o              96                 4
    stm32f0xx_hal_adc.o       1 084
    stm32f0xx_hal_cortex.o      120
    stm32f0xx_hal_gpio.o        440
    stm32f0xx_hal_msp.o         140
    stm32f0xx_hal_rcc.o       1 396
    stm32f0xx_it.o               16
    system_stm32f0xx.o          112        4        4
    -------------------------------------------------
    Total:                    4 344        4       88

dl6M_tlf.a: [2]
    exit.o                        8
    low_level_init.o              4
    -------------------------------------------------
    Total:                       12

rt6M_tl.a: [3]
    ABImemset_small.o            16
    I32DivMod.o                  94
    IntDivZer.o                   2
    cexit.o                      10
    cmain.o                      30
    copy_init3.o                 48
    cstartup_M.o                 12
    data_init.o                  40
    zero_init3.o                 60
    -------------------------------------------------
    Total:                      312

shb_l.a: [4]
    exit.o                       20
    -------------------------------------------------
    Total:                       20

    Linker created                        36    1 024
-----------------------------------------------------
    Grand Total:              4 688       40    1 112


*******************************************************************************
*** ENTRY LIST
***

Entry                       Address   Size  Type      Object
-----                       -------   ----  ----      ------
.iar.init_table$$Base    0x800'11a8          --   Gb  - Linker created -
.iar.init_table$$Limit   0x800'11cc          --   Gb  - Linker created -
?main                    0x800'11cd         Code  Gb  cmain.o [3]
ADC_Enable               0x800'0ad9   0x76  Code  Lc  stm32f0xx_hal_adc.o [1]
AHBPrescTable            0x800'1104   0x10  Data  Gb  system_stm32f0xx.o [1]
CSTACK$$Base            0x2000'0058          --   Gb  - Linker created -
CSTACK$$Limit           0x2000'0458          --   Gb  - Linker created -
HAL_ADC_ConfigChannel    0x800'09d7  0x102  Code  Gb  stm32f0xx_hal_adc.o [1]
HAL_ADC_GetValue         0x800'09d1    0x6  Code  Gb  stm32f0xx_hal_adc.o [1]
HAL_ADC_Init             0x800'0731  0x168  Code  Gb  stm32f0xx_hal_adc.o [1]
HAL_ADC_MspInit          0x800'0b97   0x54  Code  Gb  stm32f0xx_hal_msp.o [1]
HAL_ADC_PollForConversion
                         0x800'08ed   0xc6  Code  Gb  stm32f0xx_hal_adc.o [1]
HAL_ADC_Start            0x800'0899   0x4e  Code  Gb  stm32f0xx_hal_adc.o [1]
HAL_GPIO_Init            0x800'0c09  0x17e  Code  Gb  stm32f0xx_hal_gpio.o [1]
HAL_GPIO_ReadPin         0x800'0d87    0xc  Code  Gb  stm32f0xx_hal_gpio.o [1]
HAL_GPIO_TogglePin       0x800'0d9f    0x8  Code  Gb  stm32f0xx_hal_gpio.o [1]
HAL_GPIO_WritePin        0x800'0d93    0xc  Code  Gb  stm32f0xx_hal_gpio.o [1]
HAL_GetTick              0x800'0625    0xc  Code  Wk  stm32f0xx_hal.o [1]
HAL_IncTick              0x800'1229   0x10  Code  Wk  stm32f0xx_hal.o [1]
HAL_Init                 0x800'1085   0x1a  Code  Gb  stm32f0xx_hal.o [1]
HAL_InitTick             0x800'0631   0x24  Code  Wk  stm32f0xx_hal.o [1]
HAL_MspInit              0x800'0b6d   0x2a  Code  Gb  stm32f0xx_hal_msp.o [1]
HAL_NVIC_SetPriority     0x800'06ef    0x8  Code  Gb  stm32f0xx_hal_cortex.o [1]
HAL_RCC_ClockConfig      0x800'0465  0x12c  Code  Gb  stm32f0xx_hal_rcc.o [1]
HAL_RCC_GetHCLKFreq      0x800'05cf    0x6  Code  Gb  stm32f0xx_hal_rcc.o [1]
HAL_RCC_GetSysClockFreq
                         0x800'0595   0x3a  Code  Gb  stm32f0xx_hal_rcc.o [1]
HAL_RCC_GetSysClockFreq::aPLLMULFactorTable
                         0x800'0604   0x10  Data  Lc  stm32f0xx_hal_rcc.o [1]
HAL_RCC_GetSysClockFreq::aPredivFactorTable
                         0x800'0614   0x10  Data  Lc  stm32f0xx_hal_rcc.o [1]
HAL_RCC_OscConfig        0x800'00b1  0x3ae  Code  Gb  stm32f0xx_hal_rcc.o [1]
HAL_SYSTICK_Config       0x800'06f7   0x28  Code  Gb  stm32f0xx_hal_cortex.o [1]
HardFault_Handler        0x800'123b    0x2  Code  Gb  stm32f0xx_it.o [1]
NMI_Handler              0x800'1239    0x2  Code  Gb  stm32f0xx_it.o [1]
NVIC_SetPriority         0x800'06b5   0x3a  Code  Lc  stm32f0xx_hal_cortex.o [1]
PendSV_Handler           0x800'123f    0x2  Code  Gb  stm32f0xx_it.o [1]
Region$$Table$$Base      0x800'11a8          --   Gb  - Linker created -
Region$$Table$$Limit     0x800'11cc          --   Gb  - Linker created -
SVC_Handler              0x800'123d    0x2  Code  Gb  stm32f0xx_it.o [1]
SysTick_Handler          0x800'1241    0x8  Code  Gb  stm32f0xx_it.o [1]
SystemClock_Config       0x800'0ff9   0x44  Code  Gb  main.o [1]
SystemCoreClock         0x2000'0000    0x4  Data  Gb  system_stm32f0xx.o [1]
SystemInit               0x800'10a5   0x48  Code  Gb  system_stm32f0xx.o [1]
__ICFEDIT_region_RAM_end__ {Abs}
                        0x2000'0fff         Data  Gb  <internal module>
__ICFEDIT_region_RAM_start__ {Abs}
                        0x2000'0000         Data  Gb  <internal module>
__aeabi_idiv0            0x800'072d         Code  Gb  IntDivZer.o [3]
__cmain                  0x800'11cd         Code  Gb  cmain.o [3]
__exit                   0x800'1205   0x14  Code  Gb  exit.o [4]
__iar_copy_init3         0x800'1151   0x30  Code  Gb  copy_init3.o [3]
__iar_data_init3         0x800'1181   0x28  Code  Gb  data_init.o [3]
__iar_program_start      0x800'1249         Code  Gb  cstartup_M.o [3]
__iar_small_Memset4_word
                         0x800'0bfd         Code  Gb  ABImemset_small.o [3]
__iar_small_Memset_word
                         0x800'0bfd         Code  Gb  ABImemset_small.o [3]
__iar_small_idiv         0x800'0655         Code  Gb  I32DivMod.o [3]
__iar_small_idivmod      0x800'0655         Code  Gb  I32DivMod.o [3]
__iar_small_memclr       0x800'0bf9         Code  Gb  ABImemset_small.o [3]
__iar_small_memclr4      0x800'0bf9         Code  Gb  ABImemset_small.o [3]
__iar_small_memclr8      0x800'0bf9         Code  Gb  ABImemset_small.o [3]
__iar_small_memset       0x800'0bfd         Code  Gb  ABImemset_small.o [3]
__iar_small_memset4      0x800'0bfd         Code  Gb  ABImemset_small.o [3]
__iar_small_memset8      0x800'0bfd         Code  Gb  ABImemset_small.o [3]
__iar_small_uidiv        0x800'067d         Code  Gb  I32DivMod.o [3]
__iar_small_uidivmod     0x800'067d         Code  Gb  I32DivMod.o [3]
__iar_zero_init3         0x800'1115   0x3c  Code  Gb  zero_init3.o [3]
__low_level_init         0x800'11eb    0x4  Code  Gb  low_level_init.o [2]
__vector_table           0x800'0000         Data  Gb  startup_stm32f030x6.o [1]
_call_main               0x800'11d9         Code  Gb  cmain.o [3]
_error_flag             0x2000'0004    0x1  Data  Lc  main.o [1]
_exit                    0x800'11f9         Code  Gb  cexit.o [3]
_main                    0x800'11e7         Code  Gb  cmain.o [3]
exit                     0x800'11ef    0x8  Code  Gb  exit.o [2]
getLoadSwitchState       0x800'1055   0x12  Code  Lc  main.o [1]
hadc                    0x2000'0008   0x4c  Data  Gb  main.o [1]
main                     0x800'0dc1  0x238  Code  Gb  main.o [1]
setLoadSwitchState       0x800'103d   0x18  Code  Lc  main.o [1]
uwTick                  0x2000'0054    0x4  Data  Gb  stm32f0xx_hal.o [1]


[1] = C:\Users\User\Documents\Projects\HeaterControl\Software\HeaterController\EWARM\HeaterController\Obj
[2] = dl6M_tlf.a
[3] = rt6M_tl.a
[4] = shb_l.a

  4 688 bytes of readonly  code memory
     40 bytes of readonly  data memory
  1 112 bytes of readwrite data memory

Errors: none
Warnings: none
